Parsed test spec with 1 sessions

starting permutation: s1a0 s1a1 s1a2 s1a3 s1a4 s1a5 s1a6 s1a7 s1a8 s1a9 s1a10 s1a11 s1a12 s1a13 s1a15
step s1a0: SELECT bcdb_init(True, 16);
bcdb_init      

t              
step s1a1: SELECT bcdb_block_submit('{"bid": 1, "txs": [
	{"hash": "1_0", "iso": "SE", "sql": "SELECT simple_pay(48, 26, 3);"},
	{"hash": "1_1", "iso": "SE", "sql": "SELECT simple_pay(32, 31, 26);"},
	{"hash": "1_2", "iso": "SE", "sql": "SELECT simple_pay(19, 30, 23);"},
	{"hash": "1_3", "iso": "SE", "sql": "SELECT simple_pay(13, 32, 9);"},
	{"hash": "1_4", "iso": "SE", "sql": "SELECT simple_pay(48, 6, 40);"},
	{"hash": "1_5", "iso": "SE", "sql": "SELECT simple_pay(34, 45, 39);"},
	{"hash": "1_6", "iso": "SE", "sql": "SELECT simple_pay(19, 6, 47);"},
	{"hash": "1_7", "iso": "SE", "sql": "SELECT joint_pay(43, 21, 30, 36, 7);"},
	{"hash": "1_8", "iso": "SE", "sql": "SELECT simple_pay(20, 39, 41);"},
	{"hash": "1_9", "iso": "SE", "sql": "SELECT simple_pay(35, 30, 29);"},
	{"hash": "1_10", "iso": "SE", "sql": "SELECT simple_pay(16, 3, 36);"},
	{"hash": "1_11", "iso": "SE", "sql": "SELECT simple_pay(5, 46, 26);"},
	{"hash": "1_12", "iso": "SE", "sql": "SELECT simple_pay(42, 40, 1);"},
	{"hash": "1_13", "iso": "SE", "sql": "SELECT simple_pay(21, 15, 47);"},
	{"hash": "1_14", "iso": "SE", "sql": "SELECT simple_pay(4, 12, 37);"},
	{"hash": "1_15", "iso": "SE", "sql": "SELECT simple_pay(9, 34, 29);"}]}');
bcdb_block_submit

t              
step s1a2: SELECT bcdb_block_submit('{"bid": 2, "txs": [
	{"hash": "2_0", "iso": "SE", "sql": "SELECT joint_pay(20, 32, 31, 7, 20);"},
	{"hash": "2_1", "iso": "SE", "sql": "SELECT simple_pay(45, 7, 36);"},
	{"hash": "2_2", "iso": "SE", "sql": "SELECT simple_pay(34, 13, 39);"},
	{"hash": "2_3", "iso": "SE", "sql": "SELECT simple_pay(18, 28, 6);"},
	{"hash": "2_4", "iso": "SE", "sql": "SELECT simple_pay(24, 20, 37);"},
	{"hash": "2_5", "iso": "SE", "sql": "SELECT simple_pay(11, 12, 12);"},
	{"hash": "2_6", "iso": "SE", "sql": "SELECT joint_pay(42, 16, 30, 5, 6);"},
	{"hash": "2_7", "iso": "SE", "sql": "SELECT simple_pay(8, 9, 3);"},
	{"hash": "2_8", "iso": "SE", "sql": "SELECT simple_pay(44, 34, 44);"},
	{"hash": "2_9", "iso": "SE", "sql": "SELECT simple_pay(45, 33, 18);"},
	{"hash": "2_10", "iso": "SE", "sql": "SELECT simple_pay(15, 13, 44);"},
	{"hash": "2_11", "iso": "SE", "sql": "SELECT simple_pay(26, 37, 18);"},
	{"hash": "2_12", "iso": "SE", "sql": "SELECT simple_pay(42, 41, 45);"},
	{"hash": "2_13", "iso": "SE", "sql": "SELECT simple_pay(22, 5, 21);"},
	{"hash": "2_14", "iso": "SE", "sql": "SELECT simple_pay(31, 37, 41);"},
	{"hash": "2_15", "iso": "SE", "sql": "SELECT simple_pay(12, 15, 2);"}]}');
bcdb_block_submit

t              
step s1a3: SELECT bcdb_block_submit('{"bid": 3, "txs": [
	{"hash": "3_0", "iso": "SE", "sql": "SELECT simple_pay(7, 45, 15);"},
	{"hash": "3_1", "iso": "SE", "sql": "SELECT simple_pay(10, 21, 28);"},
	{"hash": "3_2", "iso": "SE", "sql": "SELECT simple_pay(6, 9, 45);"},
	{"hash": "3_3", "iso": "SE", "sql": "SELECT simple_pay(36, 40, 35);"},
	{"hash": "3_4", "iso": "SE", "sql": "SELECT simple_pay(4, 1, 8);"},
	{"hash": "3_5", "iso": "SE", "sql": "SELECT simple_pay(38, 36, 8);"},
	{"hash": "3_6", "iso": "SE", "sql": "SELECT simple_pay(23, 7, 3);"},
	{"hash": "3_7", "iso": "SE", "sql": "SELECT simple_pay(12, 11, 46);"},
	{"hash": "3_8", "iso": "SE", "sql": "SELECT joint_pay(13, 46, 3, 44, 2);"},
	{"hash": "3_9", "iso": "SE", "sql": "SELECT simple_pay(39, 6, 17);"},
	{"hash": "3_10", "iso": "SE", "sql": "SELECT joint_pay(4, 41, 19, 23, 28);"},
	{"hash": "3_11", "iso": "SE", "sql": "SELECT joint_pay(32, 29, 2, 39, 7);"},
	{"hash": "3_12", "iso": "SE", "sql": "SELECT simple_pay(25, 12, 17);"},
	{"hash": "3_13", "iso": "SE", "sql": "SELECT simple_pay(46, 30, 37);"},
	{"hash": "3_14", "iso": "SE", "sql": "SELECT joint_pay(43, 13, 49, 4, 51);"},
	{"hash": "3_15", "iso": "SE", "sql": "SELECT simple_pay(10, 21, 34);"}]}');
bcdb_block_submit

t              
step s1a4: SELECT bcdb_block_submit('{"bid": 4, "txs": [
	{"hash": "4_0", "iso": "SE", "sql": "SELECT simple_pay(38, 28, 43);"},
	{"hash": "4_1", "iso": "SE", "sql": "SELECT joint_pay(30, 43, 26, 37, 33);"},
	{"hash": "4_2", "iso": "SE", "sql": "SELECT simple_pay(41, 22, 25);"},
	{"hash": "4_3", "iso": "SE", "sql": "SELECT simple_pay(16, 9, 36);"},
	{"hash": "4_4", "iso": "SE", "sql": "SELECT simple_pay(29, 47, 6);"},
	{"hash": "4_5", "iso": "SE", "sql": "SELECT simple_pay(2, 34, 18);"},
	{"hash": "4_6", "iso": "SE", "sql": "SELECT joint_pay(48, 30, 22, 40, 19);"},
	{"hash": "4_7", "iso": "SE", "sql": "SELECT simple_pay(37, 40, 40);"},
	{"hash": "4_8", "iso": "SE", "sql": "SELECT joint_pay(19, 24, 47, 27, 42);"},
	{"hash": "4_9", "iso": "SE", "sql": "SELECT joint_pay(38, 12, 44, 22, 11);"},
	{"hash": "4_10", "iso": "SE", "sql": "SELECT simple_pay(40, 28, 25);"},
	{"hash": "4_11", "iso": "SE", "sql": "SELECT simple_pay(43, 36, 27);"},
	{"hash": "4_12", "iso": "SE", "sql": "SELECT joint_pay(44, 36, 26, 50, 43);"},
	{"hash": "4_13", "iso": "SE", "sql": "SELECT simple_pay(10, 28, 5);"},
	{"hash": "4_14", "iso": "SE", "sql": "SELECT simple_pay(10, 28, 34);"},
	{"hash": "4_15", "iso": "SE", "sql": "SELECT simple_pay(35, 38, 49);"}]}');
bcdb_block_submit

t              
step s1a5: SELECT bcdb_block_submit('{"bid": 5, "txs": [
	{"hash": "5_0", "iso": "SE", "sql": "SELECT joint_pay(2, 31, 20, 20, 30);"},
	{"hash": "5_1", "iso": "SE", "sql": "SELECT joint_pay(26, 12, 35, 41, 6);"},
	{"hash": "5_2", "iso": "SE", "sql": "SELECT simple_pay(8, 0, 26);"},
	{"hash": "5_3", "iso": "SE", "sql": "SELECT simple_pay(26, 20, 1);"},
	{"hash": "5_4", "iso": "SE", "sql": "SELECT simple_pay(45, 48, 1);"},
	{"hash": "5_5", "iso": "SE", "sql": "SELECT simple_pay(43, 33, 40);"},
	{"hash": "5_6", "iso": "SE", "sql": "SELECT joint_pay(7, 38, 41, 13, 20);"},
	{"hash": "5_7", "iso": "SE", "sql": "SELECT simple_pay(11, 6, 31);"},
	{"hash": "5_8", "iso": "SE", "sql": "SELECT simple_pay(25, 40, 6);"},
	{"hash": "5_9", "iso": "SE", "sql": "SELECT joint_pay(28, 7, 16, 9, 42);"},
	{"hash": "5_10", "iso": "SE", "sql": "SELECT simple_pay(41, 22, 8);"},
	{"hash": "5_11", "iso": "SE", "sql": "SELECT simple_pay(17, 1, 3);"},
	{"hash": "5_12", "iso": "SE", "sql": "SELECT joint_pay(43, 16, 35, 21, 24);"},
	{"hash": "5_13", "iso": "SE", "sql": "SELECT simple_pay(2, 47, 45);"},
	{"hash": "5_14", "iso": "SE", "sql": "SELECT simple_pay(31, 45, 42);"},
	{"hash": "5_15", "iso": "SE", "sql": "SELECT simple_pay(40, 27, 24);"}]}');
bcdb_block_submit

t              
step s1a6: SELECT bcdb_block_submit('{"bid": 6, "txs": [
	{"hash": "6_0", "iso": "SE", "sql": "SELECT simple_pay(11, 13, 25);"},
	{"hash": "6_1", "iso": "SE", "sql": "SELECT simple_pay(0, 8, 10);"},
	{"hash": "6_2", "iso": "SE", "sql": "SELECT simple_pay(21, 23, 46);"},
	{"hash": "6_3", "iso": "SE", "sql": "SELECT joint_pay(49, 39, 2, 3, 18);"},
	{"hash": "6_4", "iso": "SE", "sql": "SELECT joint_pay(37, 18, 23, 26, 36);"},
	{"hash": "6_5", "iso": "SE", "sql": "SELECT joint_pay(7, 30, 46, 16, 4);"},
	{"hash": "6_6", "iso": "SE", "sql": "SELECT simple_pay(33, 46, 5);"},
	{"hash": "6_7", "iso": "SE", "sql": "SELECT simple_pay(21, 19, 27);"},
	{"hash": "6_8", "iso": "SE", "sql": "SELECT joint_pay(35, 30, 21, 22, 8);"},
	{"hash": "6_9", "iso": "SE", "sql": "SELECT simple_pay(44, 31, 28);"},
	{"hash": "6_10", "iso": "SE", "sql": "SELECT joint_pay(21, 47, 43, 10, 11);"},
	{"hash": "6_11", "iso": "SE", "sql": "SELECT simple_pay(24, 40, 6);"},
	{"hash": "6_12", "iso": "SE", "sql": "SELECT joint_pay(5, 12, 47, 15, 4);"},
	{"hash": "6_13", "iso": "SE", "sql": "SELECT simple_pay(6, 25, 36);"},
	{"hash": "6_14", "iso": "SE", "sql": "SELECT simple_pay(28, 31, 51);"},
	{"hash": "6_15", "iso": "SE", "sql": "SELECT simple_pay(43, 13, 28);"}]}');
bcdb_block_submit

t              
step s1a7: SELECT bcdb_block_submit('{"bid": 7, "txs": [
	{"hash": "7_0", "iso": "SE", "sql": "SELECT joint_pay(14, 16, 37, 50, 11);"},
	{"hash": "7_1", "iso": "SE", "sql": "SELECT simple_pay(22, 7, 5);"},
	{"hash": "7_2", "iso": "SE", "sql": "SELECT simple_pay(44, 1, 34);"},
	{"hash": "7_3", "iso": "SE", "sql": "SELECT simple_pay(43, 12, 8);"},
	{"hash": "7_4", "iso": "SE", "sql": "SELECT simple_pay(16, 13, 42);"},
	{"hash": "7_5", "iso": "SE", "sql": "SELECT joint_pay(13, 39, 9, 7, 13);"},
	{"hash": "7_6", "iso": "SE", "sql": "SELECT simple_pay(23, 34, 10);"},
	{"hash": "7_7", "iso": "SE", "sql": "SELECT joint_pay(38, 31, 9, 37, 26);"},
	{"hash": "7_8", "iso": "SE", "sql": "SELECT simple_pay(27, 33, 32);"},
	{"hash": "7_9", "iso": "SE", "sql": "SELECT simple_pay(20, 31, 32);"},
	{"hash": "7_10", "iso": "SE", "sql": "SELECT simple_pay(12, 34, 40);"},
	{"hash": "7_11", "iso": "SE", "sql": "SELECT simple_pay(0, 21, 46);"},
	{"hash": "7_12", "iso": "SE", "sql": "SELECT simple_pay(20, 2, 34);"},
	{"hash": "7_13", "iso": "SE", "sql": "SELECT joint_pay(16, 38, 9, 25, 38);"},
	{"hash": "7_14", "iso": "SE", "sql": "SELECT simple_pay(45, 30, 5);"},
	{"hash": "7_15", "iso": "SE", "sql": "SELECT simple_pay(33, 2, 5);"}]}');
bcdb_block_submit

t              
step s1a8: SELECT bcdb_block_submit('{"bid": 8, "txs": [
	{"hash": "8_0", "iso": "SE", "sql": "SELECT simple_pay(2, 19, 1);"},
	{"hash": "8_1", "iso": "SE", "sql": "SELECT simple_pay(28, 21, 11);"},
	{"hash": "8_2", "iso": "SE", "sql": "SELECT simple_pay(41, 29, 24);"},
	{"hash": "8_3", "iso": "SE", "sql": "SELECT simple_pay(33, 32, 3);"},
	{"hash": "8_4", "iso": "SE", "sql": "SELECT simple_pay(43, 33, 49);"},
	{"hash": "8_5", "iso": "SE", "sql": "SELECT simple_pay(4, 47, 28);"},
	{"hash": "8_6", "iso": "SE", "sql": "SELECT simple_pay(13, 18, 35);"},
	{"hash": "8_7", "iso": "SE", "sql": "SELECT simple_pay(26, 30, 51);"},
	{"hash": "8_8", "iso": "SE", "sql": "SELECT simple_pay(38, 37, 15);"},
	{"hash": "8_9", "iso": "SE", "sql": "SELECT simple_pay(1, 42, 1);"},
	{"hash": "8_10", "iso": "SE", "sql": "SELECT simple_pay(19, 32, 37);"},
	{"hash": "8_11", "iso": "SE", "sql": "SELECT simple_pay(4, 31, 17);"},
	{"hash": "8_12", "iso": "SE", "sql": "SELECT simple_pay(19, 49, 27);"},
	{"hash": "8_13", "iso": "SE", "sql": "SELECT simple_pay(24, 3, 11);"},
	{"hash": "8_14", "iso": "SE", "sql": "SELECT simple_pay(8, 15, 19);"},
	{"hash": "8_15", "iso": "SE", "sql": "SELECT simple_pay(21, 3, 3);"}]}');
bcdb_block_submit

t              
step s1a9: SELECT bcdb_block_submit('{"bid": 9, "txs": [
	{"hash": "9_0", "iso": "SE", "sql": "SELECT simple_pay(9, 31, 39);"},
	{"hash": "9_1", "iso": "SE", "sql": "SELECT simple_pay(43, 44, 10);"},
	{"hash": "9_2", "iso": "SE", "sql": "SELECT simple_pay(22, 26, 3);"},
	{"hash": "9_3", "iso": "SE", "sql": "SELECT simple_pay(24, 29, 4);"},
	{"hash": "9_4", "iso": "SE", "sql": "SELECT joint_pay(49, 9, 1, 3, 39);"},
	{"hash": "9_5", "iso": "SE", "sql": "SELECT simple_pay(40, 20, 7);"},
	{"hash": "9_6", "iso": "SE", "sql": "SELECT simple_pay(41, 22, 13);"},
	{"hash": "9_7", "iso": "SE", "sql": "SELECT simple_pay(49, 31, 8);"},
	{"hash": "9_8", "iso": "SE", "sql": "SELECT simple_pay(39, 44, 30);"},
	{"hash": "9_9", "iso": "SE", "sql": "SELECT simple_pay(21, 41, 8);"},
	{"hash": "9_10", "iso": "SE", "sql": "SELECT simple_pay(45, 39, 19);"},
	{"hash": "9_11", "iso": "SE", "sql": "SELECT simple_pay(8, 24, 19);"},
	{"hash": "9_12", "iso": "SE", "sql": "SELECT simple_pay(43, 7, 34);"},
	{"hash": "9_13", "iso": "SE", "sql": "SELECT simple_pay(12, 2, 51);"},
	{"hash": "9_14", "iso": "SE", "sql": "SELECT simple_pay(23, 48, 13);"},
	{"hash": "9_15", "iso": "SE", "sql": "SELECT simple_pay(40, 4, 3);"}]}');
bcdb_block_submit

t              
step s1a10: SELECT bcdb_block_submit('{"bid": 10, "txs": [
	{"hash": "10_0", "iso": "SE", "sql": "SELECT simple_pay(2, 31, 17);"},
	{"hash": "10_1", "iso": "SE", "sql": "SELECT simple_pay(33, 42, 37);"},
	{"hash": "10_2", "iso": "SE", "sql": "SELECT simple_pay(13, 14, 6);"},
	{"hash": "10_3", "iso": "SE", "sql": "SELECT simple_pay(40, 49, 33);"},
	{"hash": "10_4", "iso": "SE", "sql": "SELECT simple_pay(26, 32, 20);"},
	{"hash": "10_5", "iso": "SE", "sql": "SELECT simple_pay(9, 27, 37);"},
	{"hash": "10_6", "iso": "SE", "sql": "SELECT simple_pay(5, 6, 27);"},
	{"hash": "10_7", "iso": "SE", "sql": "SELECT joint_pay(26, 49, 9, 47, 2);"},
	{"hash": "10_8", "iso": "SE", "sql": "SELECT simple_pay(27, 43, 27);"},
	{"hash": "10_9", "iso": "SE", "sql": "SELECT joint_pay(20, 46, 16, 6, 23);"},
	{"hash": "10_10", "iso": "SE", "sql": "SELECT joint_pay(22, 44, 1, 23, 23);"},
	{"hash": "10_11", "iso": "SE", "sql": "SELECT joint_pay(14, 23, 4, 39, 10);"},
	{"hash": "10_12", "iso": "SE", "sql": "SELECT simple_pay(13, 42, 44);"},
	{"hash": "10_13", "iso": "SE", "sql": "SELECT simple_pay(7, 47, 1);"},
	{"hash": "10_14", "iso": "SE", "sql": "SELECT simple_pay(44, 1, 39);"},
	{"hash": "10_15", "iso": "SE", "sql": "SELECT simple_pay(9, 11, 30);"}]}');
bcdb_block_submit

t              
step s1a11: SELECT bcdb_wait_to_finish();
bcdb_wait_to_finish

t              
step s1a12: SELECT bcdb_check_block_status(9);
bcdb_check_block_status

1_0 7
1_1 7
1_2 7
1_3 7
1_4 8
1_5 7
1_6 8
1_7 7
1_8 7
1_9 7
1_10 7
1_11 7
1_12 7
1_13 8
1_14 7
1_15 7
2_0 8
2_1 8
2_2 8
2_3 7
2_4 7
2_5 7
2_6 8
2_7 7
2_8 7
2_9 8
2_10 7
2_11 8
2_12 8
2_13 7
2_14 8
2_15 8
3_0 7
3_1 7
3_2 7
3_3 7
3_4 7
3_5 7
3_6 7
3_7 8
3_8 8
3_9 7
3_10 8
3_11 7
3_12 7
3_13 8
3_14 8
3_15 8
4_0 8
4_1 7
4_2 7
4_3 7
4_4 8
4_5 8
4_6 8
4_7 7
4_8 7
4_9 8
4_10 8
4_11 8
4_12 8
4_13 8
4_14 8
4_15 7
5_0 7
5_1 8
5_2 7
5_3 8
5_4 7
5_5 8
5_6 8
5_7 7
5_8 7
5_9 8
5_10 8
5_11 7
5_12 8
5_13 8
5_14 8
5_15 8
6_0 8
6_1 8
6_2 7
6_3 7
6_4 7
6_5 7
6_6 7
6_7 8
6_8 8
6_9 7
6_10 8
6_11 7
6_12 7
6_13 8
6_14 7
6_15 7
7_0 7
7_1 7
7_2 8
7_3 8
7_4 8
7_5 8
7_6 8
7_7 8
7_8 7
7_9 7
7_10 8
7_11 7
7_12 8
7_13 8
7_14 7
7_15 8
8_0 7
8_1 7
8_2 7
8_3 8
8_4 7
8_5 7
8_6 7
8_7 7
8_8 7
8_9 7
8_10 8
8_11 8
8_12 8
8_13 7
8_14 7
8_15 8
9_0 7
9_1 8
9_2 7
9_3 8
9_4 8
9_5 7
9_6 8
9_7 8
9_8 7
9_9 8
9_10 7
9_11 8
9_12 8
9_13 7
9_14 7
9_15 8
10_0 8
10_1 7
10_2 7
10_3 8
10_4 8
10_5 8
10_6 7
10_7 8
10_8 7
10_9 8
10_10 8
10_11 8
10_12 8
10_13 7
10_14 8
10_15 8

step s1a13: SELECT bcdb_num_committed();
bcdb_num_committed

81             
step s1a15: SELECT * FROM bank ORDER BY account; SELECT sum(balance) FROM bank;
account        balance        

0              80             
1              110            
2              197            
3              147            
4              27             
5              53             
6              130            
7              76             
8              52             
9              116            
10             72             
11             57             
12             111            
13             122            
14             56             
15             75             
16             17             
17             97             
18             93             
19             51             
20             121            
21             132            
22             96             
23             192            
24             4              
25             77             
26             125            
27             41             
28             44             
29             117            
30             210            
31             246            
32             44             
33             139            
34             134            
35             22             
36             73             
37             110            
38             126            
39             95             
40             181            
41             51             
42             137            
43             -19            
44             58             
45             129            
46             151            
47             217            
48             111            
49             97             
sum            

5000           
bcdb_reset     

t              
